{
  "version": "1.5.0",
  "plugins_used": [
    {
      "name": "ArtifactoryDetector"
    },
    {
      "name": "AWSKeyDetector"
    },
    {
      "name": "AzureStorageKeyDetector"
    },
    {
      "name": "Base64HighEntropyString",
      "limit": 4.5
    },
    {
      "name": "BasicAuthDetector"
    },
    {
      "name": "CloudantDetector"
    },
    {
      "name": "DiscordBotTokenDetector"
    },
    {
      "name": "GitHubTokenDetector"
    },
    {
      "name": "GitLabTokenDetector"
    },
    {
      "name": "HexHighEntropyString",
      "limit": 3.0
    },
    {
      "name": "IbmCloudIamDetector"
    },
    {
      "name": "IbmCosHmacDetector"
    },
    {
      "name": "IPPublicDetector"
    },
    {
      "name": "JwtTokenDetector"
    },
    {
      "name": "KeywordDetector",
      "keyword_exclude": ""
    },
    {
      "name": "MailchimpDetector"
    },
    {
      "name": "NpmDetector"
    },
    {
      "name": "OpenAIDetector"
    },
    {
      "name": "PrivateKeyDetector"
    },
    {
      "name": "PypiTokenDetector"
    },
    {
      "name": "SendGridDetector"
    },
    {
      "name": "SlackDetector"
    },
    {
      "name": "SoftlayerDetector"
    },
    {
      "name": "SquareOAuthDetector"
    },
    {
      "name": "StripeDetector"
    },
    {
      "name": "TelegramBotTokenDetector"
    },
    {
      "name": "TwilioKeyDetector"
    }
  ],
  "filters_used": [
    {
      "path": "detect_secrets.filters.allowlist.is_line_allowlisted"
    },
    {
      "path": "detect_secrets.filters.common.is_ignored_due_to_verification_policies",
      "min_level": 2
    },
    {
      "path": "detect_secrets.filters.heuristic.is_indirect_reference"
    },
    {
      "path": "detect_secrets.filters.heuristic.is_likely_id_string"
    },
    {
      "path": "detect_secrets.filters.heuristic.is_lock_file"
    },
    {
      "path": "detect_secrets.filters.heuristic.is_not_alphanumeric_string"
    },
    {
      "path": "detect_secrets.filters.heuristic.is_potential_uuid"
    },
    {
      "path": "detect_secrets.filters.heuristic.is_prefixed_with_dollar_sign"
    },
    {
      "path": "detect_secrets.filters.heuristic.is_sequential_string"
    },
    {
      "path": "detect_secrets.filters.heuristic.is_swagger_file"
    },
    {
      "path": "detect_secrets.filters.heuristic.is_templated_secret"
    }
  ],
  "results": {
    "finetune_qwen3_vl_qlora.ipynb": [
      {
        "type": "Hex High Entropy String",
        "filename": "finetune_qwen3_vl_qlora.ipynb",
        "hashed_secret": "96b648d7a1a00338f074743ca24965a6785703b4",
        "is_verified": false,
        "line_number": 33
      },
      {
        "type": "Hex High Entropy String",
        "filename": "finetune_qwen3_vl_qlora.ipynb",
        "hashed_secret": "e4aec08bf5630db5dcef1f084d7cf44370f69278",
        "is_verified": false,
        "line_number": 34
      },
      {
        "type": "Hex High Entropy String",
        "filename": "finetune_qwen3_vl_qlora.ipynb",
        "hashed_secret": "9dc801eeb95b34d573ea197f69bafee08ae4f8e3",
        "is_verified": false,
        "line_number": 35
      },
      {
        "type": "Hex High Entropy String",
        "filename": "finetune_qwen3_vl_qlora.ipynb",
        "hashed_secret": "b9e01332c675a549415b24458af96c3ac725b3fd",
        "is_verified": false,
        "line_number": 36
      },
      {
        "type": "Hex High Entropy String",
        "filename": "finetune_qwen3_vl_qlora.ipynb",
        "hashed_secret": "ca49d69de2a96a4af568876f296fa527c676aeb4",
        "is_verified": false,
        "line_number": 37
      },
      {
        "type": "Hex High Entropy String",
        "filename": "finetune_qwen3_vl_qlora.ipynb",
        "hashed_secret": "3da74fa21cc8141cc55c800b6ea931ad27d67f32",
        "is_verified": false,
        "line_number": 38
      },
      {
        "type": "Hex High Entropy String",
        "filename": "finetune_qwen3_vl_qlora.ipynb",
        "hashed_secret": "e3af11ae4917c9659eb444f2206731c614ee8657",
        "is_verified": false,
        "line_number": 39
      },
      {
        "type": "Hex High Entropy String",
        "filename": "finetune_qwen3_vl_qlora.ipynb",
        "hashed_secret": "c9fdc17d7bdd7018bb000a534b7b1935699d03d7",
        "is_verified": false,
        "line_number": 40
      },
      {
        "type": "Hex High Entropy String",
        "filename": "finetune_qwen3_vl_qlora.ipynb",
        "hashed_secret": "5525706ad05e761c5e899451b1d558b821357188",
        "is_verified": false,
        "line_number": 41
      },
      {
        "type": "Hex High Entropy String",
        "filename": "finetune_qwen3_vl_qlora.ipynb",
        "hashed_secret": "7e89002292e880b543413edcf9cacb8a96c7caee",
        "is_verified": false,
        "line_number": 42
      },
      {
        "type": "Hex High Entropy String",
        "filename": "finetune_qwen3_vl_qlora.ipynb",
        "hashed_secret": "37ce511212a026291d9d906a38f2636c1768bfb7",
        "is_verified": false,
        "line_number": 43
      },
      {
        "type": "Hex High Entropy String",
        "filename": "finetune_qwen3_vl_qlora.ipynb",
        "hashed_secret": "8a65a93518faa41e82984e5c7041b2c526e88130",
        "is_verified": false,
        "line_number": 44
      },
      {
        "type": "Hex High Entropy String",
        "filename": "finetune_qwen3_vl_qlora.ipynb",
        "hashed_secret": "949bbcd7fef31ea093153924a56727f388182833",
        "is_verified": false,
        "line_number": 45
      },
      {
        "type": "Hex High Entropy String",
        "filename": "finetune_qwen3_vl_qlora.ipynb",
        "hashed_secret": "d27ed5d753b1c3abaa4e161315cbcafb3a7540cb",
        "is_verified": false,
        "line_number": 46
      },
      {
        "type": "Hex High Entropy String",
        "filename": "finetune_qwen3_vl_qlora.ipynb",
        "hashed_secret": "36c1c6ca13d05639a6d0abd95162b3486513ed9b",
        "is_verified": false,
        "line_number": 47
      },
      {
        "type": "Hex High Entropy String",
        "filename": "finetune_qwen3_vl_qlora.ipynb",
        "hashed_secret": "b3ee2058502649627acbc14f96319c7fbafbb2ce",
        "is_verified": false,
        "line_number": 48
      },
      {
        "type": "Hex High Entropy String",
        "filename": "finetune_qwen3_vl_qlora.ipynb",
        "hashed_secret": "3ccfb3dea303803a30da4c6d1afd4e184dabecfe",
        "is_verified": false,
        "line_number": 49
      },
      {
        "type": "Hex High Entropy String",
        "filename": "finetune_qwen3_vl_qlora.ipynb",
        "hashed_secret": "a8a221e8b06ae0fca3a683774ae16b2e0242ebcc",
        "is_verified": false,
        "line_number": 50
      },
      {
        "type": "Hex High Entropy String",
        "filename": "finetune_qwen3_vl_qlora.ipynb",
        "hashed_secret": "c5ebdb5a75ef44e277d576e441d4334948278a3c",
        "is_verified": false,
        "line_number": 51
      },
      {
        "type": "Hex High Entropy String",
        "filename": "finetune_qwen3_vl_qlora.ipynb",
        "hashed_secret": "ac53cd787220bc1cc5e990ba6fe516dd3a5ee0e5",
        "is_verified": false,
        "line_number": 52
      },
      {
        "type": "Hex High Entropy String",
        "filename": "finetune_qwen3_vl_qlora.ipynb",
        "hashed_secret": "c930101882faf14cbb56604ebfdab5b153565015",
        "is_verified": false,
        "line_number": 53
      },
      {
        "type": "Hex High Entropy String",
        "filename": "finetune_qwen3_vl_qlora.ipynb",
        "hashed_secret": "2c1461ddb33cfb812f3f84947a288d27d0b639e0",
        "is_verified": false,
        "line_number": 54
      },
      {
        "type": "Hex High Entropy String",
        "filename": "finetune_qwen3_vl_qlora.ipynb",
        "hashed_secret": "fda599835657804ebed182566394cf086fc220e3",
        "is_verified": false,
        "line_number": 55
      },
      {
        "type": "Hex High Entropy String",
        "filename": "finetune_qwen3_vl_qlora.ipynb",
        "hashed_secret": "9f4475bc8f73fdc358551587b380fb59ec1f0f57",
        "is_verified": false,
        "line_number": 56
      },
      {
        "type": "Hex High Entropy String",
        "filename": "finetune_qwen3_vl_qlora.ipynb",
        "hashed_secret": "70f2000d055cb3705ae9f102c60c85436427c4c7",
        "is_verified": false,
        "line_number": 57
      },
      {
        "type": "Hex High Entropy String",
        "filename": "finetune_qwen3_vl_qlora.ipynb",
        "hashed_secret": "b12bdfd4d7086985eab7ded8a8a60f0587d320cc",
        "is_verified": false,
        "line_number": 58
      },
      {
        "type": "Hex High Entropy String",
        "filename": "finetune_qwen3_vl_qlora.ipynb",
        "hashed_secret": "53dd9a82aef0a28c4f8f14aac899bc4b8a3022c1",
        "is_verified": false,
        "line_number": 59
      },
      {
        "type": "Hex High Entropy String",
        "filename": "finetune_qwen3_vl_qlora.ipynb",
        "hashed_secret": "131f5e348de34c99ed96f2b8fdb4637edb20e3ab",
        "is_verified": false,
        "line_number": 60
      },
      {
        "type": "Hex High Entropy String",
        "filename": "finetune_qwen3_vl_qlora.ipynb",
        "hashed_secret": "dc6802fc7a07586c3f9ceebea93f5b6364b704ea",
        "is_verified": false,
        "line_number": 61
      },
      {
        "type": "Hex High Entropy String",
        "filename": "finetune_qwen3_vl_qlora.ipynb",
        "hashed_secret": "68e37b65572ce76ad7e5277482ff9b17229a5dbb",
        "is_verified": false,
        "line_number": 62
      },
      {
        "type": "Hex High Entropy String",
        "filename": "finetune_qwen3_vl_qlora.ipynb",
        "hashed_secret": "cc411cdb0befaf1d53b62ec3da710d2a84a21d10",
        "is_verified": false,
        "line_number": 63
      },
      {
        "type": "Hex High Entropy String",
        "filename": "finetune_qwen3_vl_qlora.ipynb",
        "hashed_secret": "fb590519e673cb9b1206b51cbb3a97cae5dd939c",
        "is_verified": false,
        "line_number": 64
      },
      {
        "type": "Hex High Entropy String",
        "filename": "finetune_qwen3_vl_qlora.ipynb",
        "hashed_secret": "5fdaa54e98cb780f30b580ef9490857310bb209f",
        "is_verified": false,
        "line_number": 65
      },
      {
        "type": "Hex High Entropy String",
        "filename": "finetune_qwen3_vl_qlora.ipynb",
        "hashed_secret": "992d2173ad35972deca15cf5d54f602fc605aeea",
        "is_verified": false,
        "line_number": 66
      },
      {
        "type": "Hex High Entropy String",
        "filename": "finetune_qwen3_vl_qlora.ipynb",
        "hashed_secret": "4d745167c314895bb11c4157447796c11155d700",
        "is_verified": false,
        "line_number": 67
      },
      {
        "type": "Hex High Entropy String",
        "filename": "finetune_qwen3_vl_qlora.ipynb",
        "hashed_secret": "9254e6e7d6ddcdaeab1bccc9f422343e81a71042",
        "is_verified": false,
        "line_number": 68
      },
      {
        "type": "Hex High Entropy String",
        "filename": "finetune_qwen3_vl_qlora.ipynb",
        "hashed_secret": "1e4e88a84438bcbd4430ed7cae3b3541f3066139",
        "is_verified": false,
        "line_number": 69
      },
      {
        "type": "Hex High Entropy String",
        "filename": "finetune_qwen3_vl_qlora.ipynb",
        "hashed_secret": "988502f7fa2285305bf468226f4dcc2e7f7e6621",
        "is_verified": false,
        "line_number": 70
      },
      {
        "type": "Hex High Entropy String",
        "filename": "finetune_qwen3_vl_qlora.ipynb",
        "hashed_secret": "6635e2060e49f70714205fe2842b2ea5b0477a2a",
        "is_verified": false,
        "line_number": 71
      },
      {
        "type": "Hex High Entropy String",
        "filename": "finetune_qwen3_vl_qlora.ipynb",
        "hashed_secret": "f00a0c66e9f187bdbdd4b9879d4946de188bc21c",
        "is_verified": false,
        "line_number": 72
      },
      {
        "type": "Hex High Entropy String",
        "filename": "finetune_qwen3_vl_qlora.ipynb",
        "hashed_secret": "e9469201bcc6e5c655cbc10db8b56882f5ec86b6",
        "is_verified": false,
        "line_number": 73
      },
      {
        "type": "Hex High Entropy String",
        "filename": "finetune_qwen3_vl_qlora.ipynb",
        "hashed_secret": "4f4e71fec32fba90bd3728482b99a043876b53c4",
        "is_verified": false,
        "line_number": 74
      },
      {
        "type": "Hex High Entropy String",
        "filename": "finetune_qwen3_vl_qlora.ipynb",
        "hashed_secret": "6eca72e8c5c95255140845d4bc6bd796c05b69f8",
        "is_verified": false,
        "line_number": 75
      },
      {
        "type": "Hex High Entropy String",
        "filename": "finetune_qwen3_vl_qlora.ipynb",
        "hashed_secret": "c1cb33e3be378d9e505afe7c76aa4b03553606c7",
        "is_verified": false,
        "line_number": 76
      },
      {
        "type": "Hex High Entropy String",
        "filename": "finetune_qwen3_vl_qlora.ipynb",
        "hashed_secret": "52eccbfb4be8e148cccf6cbeb69cfa584f844e4e",
        "is_verified": false,
        "line_number": 77
      },
      {
        "type": "Hex High Entropy String",
        "filename": "finetune_qwen3_vl_qlora.ipynb",
        "hashed_secret": "b24ff2aa3008448c8871300a76bdcaf5cc47ecee",
        "is_verified": false,
        "line_number": 78
      },
      {
        "type": "Hex High Entropy String",
        "filename": "finetune_qwen3_vl_qlora.ipynb",
        "hashed_secret": "afc73ba94a5766d9ba1d19e908775cf777fffb9f",
        "is_verified": false,
        "line_number": 79
      },
      {
        "type": "Hex High Entropy String",
        "filename": "finetune_qwen3_vl_qlora.ipynb",
        "hashed_secret": "1b99228ced5a6834d5d506e3c4be0cf82e56eaa5",
        "is_verified": false,
        "line_number": 80
      },
      {
        "type": "Hex High Entropy String",
        "filename": "finetune_qwen3_vl_qlora.ipynb",
        "hashed_secret": "3cd4c7ce9249a168f0151ed986a3e8a6ecf4e20d",
        "is_verified": false,
        "line_number": 81
      },
      {
        "type": "Hex High Entropy String",
        "filename": "finetune_qwen3_vl_qlora.ipynb",
        "hashed_secret": "e18146d0b3afe15c4f6163e15fd5e9bc7dbe07d0",
        "is_verified": false,
        "line_number": 82
      },
      {
        "type": "Hex High Entropy String",
        "filename": "finetune_qwen3_vl_qlora.ipynb",
        "hashed_secret": "e7874362743b44586e19cce9d6f74c4f07d9e916",
        "is_verified": false,
        "line_number": 83
      },
      {
        "type": "Hex High Entropy String",
        "filename": "finetune_qwen3_vl_qlora.ipynb",
        "hashed_secret": "ff3574c07ecf761e9f6322bda085dda77025fe21",
        "is_verified": false,
        "line_number": 84
      },
      {
        "type": "Hex High Entropy String",
        "filename": "finetune_qwen3_vl_qlora.ipynb",
        "hashed_secret": "ae08ec20ac1faa6d5c45f34380f12da58f552975",
        "is_verified": false,
        "line_number": 85
      },
      {
        "type": "Hex High Entropy String",
        "filename": "finetune_qwen3_vl_qlora.ipynb",
        "hashed_secret": "367fb8209892a781736fa2f48d53e225809fd112",
        "is_verified": false,
        "line_number": 86
      },
      {
        "type": "Hex High Entropy String",
        "filename": "finetune_qwen3_vl_qlora.ipynb",
        "hashed_secret": "cb8eab8ed96ac9c406f6fb4db1688db117253d0f",
        "is_verified": false,
        "line_number": 87
      },
      {
        "type": "Hex High Entropy String",
        "filename": "finetune_qwen3_vl_qlora.ipynb",
        "hashed_secret": "3c0855f7b1c336ce633d7f97ed8a2ebfb4bfa64d",
        "is_verified": false,
        "line_number": 88
      },
      {
        "type": "Hex High Entropy String",
        "filename": "finetune_qwen3_vl_qlora.ipynb",
        "hashed_secret": "98438da9f233da27d3c8bb0adf2f712369a60ee5",
        "is_verified": false,
        "line_number": 89
      },
      {
        "type": "Hex High Entropy String",
        "filename": "finetune_qwen3_vl_qlora.ipynb",
        "hashed_secret": "6511b658dace641efbf5f89fca3ab5d9abf33fc6",
        "is_verified": false,
        "line_number": 90
      },
      {
        "type": "Hex High Entropy String",
        "filename": "finetune_qwen3_vl_qlora.ipynb",
        "hashed_secret": "0303198767c591aeda57f2a5963761a830bf11b4",
        "is_verified": false,
        "line_number": 91
      },
      {
        "type": "Hex High Entropy String",
        "filename": "finetune_qwen3_vl_qlora.ipynb",
        "hashed_secret": "0ec95aff8bbc551e93676e58d8982ad0c8c3876f",
        "is_verified": false,
        "line_number": 92
      },
      {
        "type": "Hex High Entropy String",
        "filename": "finetune_qwen3_vl_qlora.ipynb",
        "hashed_secret": "dae7096434529b8cb0509666046fc248ebe3feb0",
        "is_verified": false,
        "line_number": 93
      },
      {
        "type": "Hex High Entropy String",
        "filename": "finetune_qwen3_vl_qlora.ipynb",
        "hashed_secret": "0ae7a9899b1636df7c75c57a2a7ea0bf91584dc9",
        "is_verified": false,
        "line_number": 94
      },
      {
        "type": "Hex High Entropy String",
        "filename": "finetune_qwen3_vl_qlora.ipynb",
        "hashed_secret": "267b249eeffa3ba298ed6b51db883efb252f974e",
        "is_verified": false,
        "line_number": 95
      },
      {
        "type": "Hex High Entropy String",
        "filename": "finetune_qwen3_vl_qlora.ipynb",
        "hashed_secret": "6da91ea390cfa6a38485f027ab149c8ebca841be",
        "is_verified": false,
        "line_number": 96
      },
      {
        "type": "Hex High Entropy String",
        "filename": "finetune_qwen3_vl_qlora.ipynb",
        "hashed_secret": "fde7dc8f6fcd79fe85e1bc97ad2067aad831e00d",
        "is_verified": false,
        "line_number": 97
      },
      {
        "type": "Hex High Entropy String",
        "filename": "finetune_qwen3_vl_qlora.ipynb",
        "hashed_secret": "fb64a4dd647ad298cb27c71cdd9391eaea7210f9",
        "is_verified": false,
        "line_number": 98
      },
      {
        "type": "Hex High Entropy String",
        "filename": "finetune_qwen3_vl_qlora.ipynb",
        "hashed_secret": "e5dcd8217d337b2830fc9b77c9ba9afd0a013452",
        "is_verified": false,
        "line_number": 99
      },
      {
        "type": "Hex High Entropy String",
        "filename": "finetune_qwen3_vl_qlora.ipynb",
        "hashed_secret": "2ad71747f62c5b2b3c3e6945541b34b473e4cc70",
        "is_verified": false,
        "line_number": 100
      },
      {
        "type": "Hex High Entropy String",
        "filename": "finetune_qwen3_vl_qlora.ipynb",
        "hashed_secret": "32efdfedf33d5b73d6f5ba4a1e9aeb6455e1e2a5",
        "is_verified": false,
        "line_number": 101
      },
      {
        "type": "Hex High Entropy String",
        "filename": "finetune_qwen3_vl_qlora.ipynb",
        "hashed_secret": "964846b7ccd9893cfe844048c5a6e530e92669fc",
        "is_verified": false,
        "line_number": 102
      },
      {
        "type": "Hex High Entropy String",
        "filename": "finetune_qwen3_vl_qlora.ipynb",
        "hashed_secret": "551cb8e6a62bb02ff3afdff9d58402c2141f23e0",
        "is_verified": false,
        "line_number": 103
      },
      {
        "type": "Hex High Entropy String",
        "filename": "finetune_qwen3_vl_qlora.ipynb",
        "hashed_secret": "cdb00185b8a24d09e9bd700840427432f1a69137",
        "is_verified": false,
        "line_number": 104
      },
      {
        "type": "Hex High Entropy String",
        "filename": "finetune_qwen3_vl_qlora.ipynb",
        "hashed_secret": "ffa964ec034c5b1594ca687bc35bb861abacac5d",
        "is_verified": false,
        "line_number": 105
      },
      {
        "type": "Hex High Entropy String",
        "filename": "finetune_qwen3_vl_qlora.ipynb",
        "hashed_secret": "a2c12538b8fa5484dd0f042b68fd8b94199dc4e1",
        "is_verified": false,
        "line_number": 106
      },
      {
        "type": "Hex High Entropy String",
        "filename": "finetune_qwen3_vl_qlora.ipynb",
        "hashed_secret": "b18c6fee8d7bb26f28c2abfa88d96d9dee8880fb",
        "is_verified": false,
        "line_number": 107
      },
      {
        "type": "Hex High Entropy String",
        "filename": "finetune_qwen3_vl_qlora.ipynb",
        "hashed_secret": "aa9f22fd7582e6448443c87d425fc46387a33aad",
        "is_verified": false,
        "line_number": 108
      },
      {
        "type": "Hex High Entropy String",
        "filename": "finetune_qwen3_vl_qlora.ipynb",
        "hashed_secret": "a74e7a8beb0e3a0824422b8da4a524b359d255da",
        "is_verified": false,
        "line_number": 109
      },
      {
        "type": "Hex High Entropy String",
        "filename": "finetune_qwen3_vl_qlora.ipynb",
        "hashed_secret": "2fc64ebf91472bd295d54063a82f472dfa433efc",
        "is_verified": false,
        "line_number": 110
      },
      {
        "type": "Hex High Entropy String",
        "filename": "finetune_qwen3_vl_qlora.ipynb",
        "hashed_secret": "317ceaf7a89e6e09f3737e8dc4e15c2ed91fa153",
        "is_verified": false,
        "line_number": 111
      },
      {
        "type": "Hex High Entropy String",
        "filename": "finetune_qwen3_vl_qlora.ipynb",
        "hashed_secret": "fcd04176e2ec856b65803bc69990e404ebc95995",
        "is_verified": false,
        "line_number": 112
      },
      {
        "type": "Hex High Entropy String",
        "filename": "finetune_qwen3_vl_qlora.ipynb",
        "hashed_secret": "f6495f6ab4b56cef087a25bb5ed0003b390e714e",
        "is_verified": false,
        "line_number": 113
      },
      {
        "type": "Hex High Entropy String",
        "filename": "finetune_qwen3_vl_qlora.ipynb",
        "hashed_secret": "d6ba164945bfc2613396a4c51574fcfb37b763e5",
        "is_verified": false,
        "line_number": 114
      },
      {
        "type": "Hex High Entropy String",
        "filename": "finetune_qwen3_vl_qlora.ipynb",
        "hashed_secret": "c7073ac66b43ff030626c34ec0b97be934740883",
        "is_verified": false,
        "line_number": 115
      },
      {
        "type": "Hex High Entropy String",
        "filename": "finetune_qwen3_vl_qlora.ipynb",
        "hashed_secret": "f2c425bf9e225524182d4bc215e84b5700776e1d",
        "is_verified": false,
        "line_number": 116
      },
      {
        "type": "Hex High Entropy String",
        "filename": "finetune_qwen3_vl_qlora.ipynb",
        "hashed_secret": "a7447e7e667aae2aa4c26f31e895814e5321e72b",
        "is_verified": false,
        "line_number": 117
      },
      {
        "type": "Hex High Entropy String",
        "filename": "finetune_qwen3_vl_qlora.ipynb",
        "hashed_secret": "c488898af0d2c326fb07e8f0f06cc16556566216",
        "is_verified": false,
        "line_number": 118
      },
      {
        "type": "Hex High Entropy String",
        "filename": "finetune_qwen3_vl_qlora.ipynb",
        "hashed_secret": "cd9226ccaaa6fd6de8bb0b96597642b6fed479c7",
        "is_verified": false,
        "line_number": 119
      },
      {
        "type": "Hex High Entropy String",
        "filename": "finetune_qwen3_vl_qlora.ipynb",
        "hashed_secret": "b238f34c6b067e1b8108b01dd173e1d9a5f63880",
        "is_verified": false,
        "line_number": 120
      },
      {
        "type": "Hex High Entropy String",
        "filename": "finetune_qwen3_vl_qlora.ipynb",
        "hashed_secret": "0c4b9417d9e2b47e512b1f1062b7a96aa98fab62",
        "is_verified": false,
        "line_number": 121
      },
      {
        "type": "Hex High Entropy String",
        "filename": "finetune_qwen3_vl_qlora.ipynb",
        "hashed_secret": "80b8b10d24a3d289e601e15b917e89b693024e31",
        "is_verified": false,
        "line_number": 122
      },
      {
        "type": "Hex High Entropy String",
        "filename": "finetune_qwen3_vl_qlora.ipynb",
        "hashed_secret": "8fac1948b6013639112363736b30be488fc6e779",
        "is_verified": false,
        "line_number": 123
      },
      {
        "type": "Hex High Entropy String",
        "filename": "finetune_qwen3_vl_qlora.ipynb",
        "hashed_secret": "0b0ad693207165ac1a5d7954ae0043bf16846f38",
        "is_verified": false,
        "line_number": 124
      },
      {
        "type": "Hex High Entropy String",
        "filename": "finetune_qwen3_vl_qlora.ipynb",
        "hashed_secret": "4277944686b9a083453e585a7035d91368502227",
        "is_verified": false,
        "line_number": 125
      },
      {
        "type": "Hex High Entropy String",
        "filename": "finetune_qwen3_vl_qlora.ipynb",
        "hashed_secret": "0469fdac2b2d0207798e8753214c56b5d0b4d11e",
        "is_verified": false,
        "line_number": 126
      },
      {
        "type": "Hex High Entropy String",
        "filename": "finetune_qwen3_vl_qlora.ipynb",
        "hashed_secret": "8498989faa3654c3db06c5fb636e671374edb92d",
        "is_verified": false,
        "line_number": 127
      },
      {
        "type": "Hex High Entropy String",
        "filename": "finetune_qwen3_vl_qlora.ipynb",
        "hashed_secret": "0bc94af1a8303a8bbf8e5f666f547687a379157a",
        "is_verified": false,
        "line_number": 128
      },
      {
        "type": "Hex High Entropy String",
        "filename": "finetune_qwen3_vl_qlora.ipynb",
        "hashed_secret": "334a5421ef1ee37f9d00b820a434d038f88bf15e",
        "is_verified": false,
        "line_number": 129
      },
      {
        "type": "Hex High Entropy String",
        "filename": "finetune_qwen3_vl_qlora.ipynb",
        "hashed_secret": "30ff06f5d1d62bc2c1a2a717ee67b7bb60f20d1c",
        "is_verified": false,
        "line_number": 130
      },
      {
        "type": "Hex High Entropy String",
        "filename": "finetune_qwen3_vl_qlora.ipynb",
        "hashed_secret": "7a3d441766596bc9eda3fb70a04d2058e1ea45d8",
        "is_verified": false,
        "line_number": 131
      },
      {
        "type": "Hex High Entropy String",
        "filename": "finetune_qwen3_vl_qlora.ipynb",
        "hashed_secret": "b8270dcac5b63e5cd99986e2aaa1743d90678860",
        "is_verified": false,
        "line_number": 132
      },
      {
        "type": "Hex High Entropy String",
        "filename": "finetune_qwen3_vl_qlora.ipynb",
        "hashed_secret": "27c15736b0d7ce555d7c1bd7dbaaca262a140445",
        "is_verified": false,
        "line_number": 133
      },
      {
        "type": "Hex High Entropy String",
        "filename": "finetune_qwen3_vl_qlora.ipynb",
        "hashed_secret": "6669c855c1659f05f50675deea1ae4ed52060f7d",
        "is_verified": false,
        "line_number": 134
      },
      {
        "type": "Hex High Entropy String",
        "filename": "finetune_qwen3_vl_qlora.ipynb",
        "hashed_secret": "b2ae8cf39de0185dd97f89a2e0c24042dfd04d2e",
        "is_verified": false,
        "line_number": 135
      },
      {
        "type": "Hex High Entropy String",
        "filename": "finetune_qwen3_vl_qlora.ipynb",
        "hashed_secret": "13803112b3d5b423a3a528c6ac2eb1a011ab1ae1",
        "is_verified": false,
        "line_number": 136
      },
      {
        "type": "Hex High Entropy String",
        "filename": "finetune_qwen3_vl_qlora.ipynb",
        "hashed_secret": "71bf7aae91a5a80f946cbc0d563ba6a3ae39c39a",
        "is_verified": false,
        "line_number": 137
      },
      {
        "type": "Hex High Entropy String",
        "filename": "finetune_qwen3_vl_qlora.ipynb",
        "hashed_secret": "00878d2097eff16b149aa8d224c94d67a031044f",
        "is_verified": false,
        "line_number": 138
      },
      {
        "type": "Hex High Entropy String",
        "filename": "finetune_qwen3_vl_qlora.ipynb",
        "hashed_secret": "8a35828cb6a808bc28c8b7ae567212c526951f5d",
        "is_verified": false,
        "line_number": 139
      },
      {
        "type": "Hex High Entropy String",
        "filename": "finetune_qwen3_vl_qlora.ipynb",
        "hashed_secret": "203ef24fd97db4ec1262afbbba38a41fc22432d0",
        "is_verified": false,
        "line_number": 140
      },
      {
        "type": "Hex High Entropy String",
        "filename": "finetune_qwen3_vl_qlora.ipynb",
        "hashed_secret": "e65435e91686f7c11b3ffa4fa0a1ae4759cfff32",
        "is_verified": false,
        "line_number": 141
      },
      {
        "type": "Hex High Entropy String",
        "filename": "finetune_qwen3_vl_qlora.ipynb",
        "hashed_secret": "9fce26609ef2e2f7bd3265d5f93f1c5a5b74df29",
        "is_verified": false,
        "line_number": 142
      },
      {
        "type": "Hex High Entropy String",
        "filename": "finetune_qwen3_vl_qlora.ipynb",
        "hashed_secret": "65b18b369d18dd8d591b55c4829584e4c3a847e8",
        "is_verified": false,
        "line_number": 143
      },
      {
        "type": "Hex High Entropy String",
        "filename": "finetune_qwen3_vl_qlora.ipynb",
        "hashed_secret": "cc64ff741ef32d63c0262f9bd06fba9832539d1b",
        "is_verified": false,
        "line_number": 144
      },
      {
        "type": "Hex High Entropy String",
        "filename": "finetune_qwen3_vl_qlora.ipynb",
        "hashed_secret": "c1c30dcae10fb3166c9f7eb8b73ba39f4443048c",
        "is_verified": false,
        "line_number": 145
      },
      {
        "type": "Hex High Entropy String",
        "filename": "finetune_qwen3_vl_qlora.ipynb",
        "hashed_secret": "69932d9c70b02b2fc1a53b1c07524a5d02f6dc69",
        "is_verified": false,
        "line_number": 146
      },
      {
        "type": "Hex High Entropy String",
        "filename": "finetune_qwen3_vl_qlora.ipynb",
        "hashed_secret": "1ae557674a538d24691f344c5e66856ab5834cf7",
        "is_verified": false,
        "line_number": 147
      },
      {
        "type": "Hex High Entropy String",
        "filename": "finetune_qwen3_vl_qlora.ipynb",
        "hashed_secret": "ea9eb996747df3f9ef1187c52fb6f7aa1c6e631b",
        "is_verified": false,
        "line_number": 148
      },
      {
        "type": "Hex High Entropy String",
        "filename": "finetune_qwen3_vl_qlora.ipynb",
        "hashed_secret": "e9192bbe9b76888383d30bad39338ee529d3cfbf",
        "is_verified": false,
        "line_number": 149
      },
      {
        "type": "Hex High Entropy String",
        "filename": "finetune_qwen3_vl_qlora.ipynb",
        "hashed_secret": "0e163b94bc29b27100ac755f1c4549fb802bbcc4",
        "is_verified": false,
        "line_number": 150
      },
      {
        "type": "Hex High Entropy String",
        "filename": "finetune_qwen3_vl_qlora.ipynb",
        "hashed_secret": "340e40365091b48a3509992bc9ce572dae1b6344",
        "is_verified": false,
        "line_number": 151
      },
      {
        "type": "Hex High Entropy String",
        "filename": "finetune_qwen3_vl_qlora.ipynb",
        "hashed_secret": "b2ff3131e16a1484707086282be899b4dc1dafb3",
        "is_verified": false,
        "line_number": 152
      },
      {
        "type": "Hex High Entropy String",
        "filename": "finetune_qwen3_vl_qlora.ipynb",
        "hashed_secret": "3d0b4da7fea223f10b50a603a8c6c781106005da",
        "is_verified": false,
        "line_number": 153
      },
      {
        "type": "Base64 High Entropy String",
        "filename": "finetune_qwen3_vl_qlora.ipynb",
        "hashed_secret": "f3c3fb7244b7588b9129a579464570e840403df9",
        "is_verified": false,
        "line_number": 927
      }
    ],
    "scripts/README.md": [
      {
        "type": "Base64 High Entropy String",
        "filename": "scripts/README.md",
        "hashed_secret": "9bedc8d96594d058763a359f2a69e50783b91f18",
        "is_verified": false,
        "line_number": 85
      }
    ]
  },
  "generated_at": "2026-01-06T02:38:47Z"
}
